========================================
TabLoRA Ensemble Job
Evaluation dir : exp/tabm-lora/california/inputscale-r4-evaluation
Ensemble size  : 5
Node           : TC2N01
GPU            : 0
Started        : Mon Sep  7 01:59:09 AM +08 2026
========================================

[1/2] Running bin/ensemble.py ...

{'function': 'bin.ensemble.main',
 'scores': {'train': -0.3534303109089662,
            'val': -0.4556629695952807,
            'test': -0.4539740598783869}}

====================================================================================================
[<<<] exp/tabm-lora/california/inputscale-r4-ensemble-5/0 | 2026-09-07 01:59:13.411750
====================================================================================================

{'function': 'bin.ensemble.main',
 'scores': {'train': -0.35448138428086956,
            'val': -0.4562962155907687,
            'test': -0.45374914460850313}}

====================================================================================================
[<<<] exp/tabm-lora/california/inputscale-r4-ensemble-5/1 | 2026-09-07 01:59:13.434054
====================================================================================================

{'function': 'bin.ensemble.main',
 'scores': {'train': -0.36193860007375633,
            'val': -0.4575566100705552,
            'test': -0.4556385240784683}}

====================================================================================================
[<<<] exp/tabm-lora/california/inputscale-r4-ensemble-5/2 | 2026-09-07 01:59:13.456684
====================================================================================================

[2/2] Generating results summary ...
============================================================
TabLoRA Evaluation Summary
Generated : 2026-09-07 01:59:13
============================================================

--- Dataset ---
  Name         : california
  Path         : data/california

--- Model Configuration ---
  arch_type    : tabm-lora
  k            : 32
  rank         : 4
  n_blocks     : 3
  d_block      : 400
  dropout      : 0.2077
  n_parameters : 631712

--- Optimizer ---
  type         : AdamW
  lr           : 8.72e-04
  weight_decay : 3.78e-02

--- Per-Seed Results (15 seeds) ---
  Seed        Train        Val       Test
  ------ ---------- ---------- ----------
  0         -0.3564    -0.4560    -0.4554
  1         -0.3623    -0.4573    -0.4546
  2         -0.3438    -0.4552    -0.4532
  3         -0.3621    -0.4568    -0.4563
  4         -0.3469    -0.4566    -0.4543
  5         -0.3498    -0.4570    -0.4544
  6         -0.3572    -0.4576    -0.4545
  7         -0.3536    -0.4565    -0.4546
  8         -0.3620    -0.4582    -0.4557
  9         -0.3541    -0.4561    -0.4535
  10        -0.3697    -0.4579    -0.4566
  11        -0.3553    -0.4570    -0.4547
  12        -0.3570    -0.4584    -0.4563
  13        -0.3767    -0.4624    -0.4599
  14        -0.3563    -0.4568    -0.4553
  ------ ---------- ---------- ----------
  Mean      -0.3576    -0.4573    -0.4553
  Std        0.0081      0.0016      0.0016

--- Ensemble Results (size=5) ---
  Ensemble          Val       Test
  ---------- ---------- ----------
  0             -0.4557    -0.4540
  1             -0.4563    -0.4537
  2             -0.4576    -0.4556
  ---------- ---------- ----------
  Mean                     -0.4545

============================================================
Saved to: logs/results/tablora_california_20260907_015913.txt

Done: Mon Sep  7 01:59:13 AM +08 2026
Summary saved to: logs/results/
