========================================
TabLoRA Ensemble Job
Evaluation dir : exp/tabm-lora/california/scale025-evaluation
Ensemble size  : 5
Node           : TC2N01
GPU            : 0
Started        : Mon Sep  7 02:32:46 AM +08 2026
========================================

[1/2] Running bin/ensemble.py ...

{'function': 'bin.ensemble.main',
 'scores': {'train': -0.33780552227849026,
            'val': -0.4515691222130968,
            'test': -0.4490264646901835}}

====================================================================================================
[<<<] exp/tabm-lora/california/scale025-ensemble-5/0 | 2026-09-07 02:32:50.056395
====================================================================================================

{'function': 'bin.ensemble.main',
 'scores': {'train': -0.3446988318855384,
            'val': -0.4529904461731085,
            'test': -0.4498170434378591}}

====================================================================================================
[<<<] exp/tabm-lora/california/scale025-ensemble-5/1 | 2026-09-07 02:32:50.078488
====================================================================================================

{'function': 'bin.ensemble.main',
 'scores': {'train': -0.34830121424236343,
            'val': -0.4539818226445965,
            'test': -0.4512313374229173}}

====================================================================================================
[<<<] exp/tabm-lora/california/scale025-ensemble-5/2 | 2026-09-07 02:32:50.107759
====================================================================================================

[2/2] Generating results summary ...
============================================================
TabLoRA Evaluation Summary
Generated : 2026-09-07 02:32:50
============================================================

--- Dataset ---
  Name         : california
  Path         : data/california

--- Model Configuration ---
  arch_type    : tabm-lora
  k            : 32
  rank         : 4
  n_blocks     : 3
  d_block      : 400
  dropout      : 0.2077
  n_parameters : 631712

--- Optimizer ---
  type         : AdamW
  lr           : 8.72e-04
  weight_decay : 3.78e-02

--- Per-Seed Results (15 seeds) ---
  Seed        Train        Val       Test
  ------ ---------- ---------- ----------
  0         -0.3444    -0.4527    -0.4496
  1         -0.3456    -0.4540    -0.4498
  2         -0.3454    -0.4520    -0.4505
  3         -0.3171    -0.4514    -0.4506
  4         -0.3433    -0.4535    -0.4505
  5         -0.3379    -0.4544    -0.4508
  6         -0.3400    -0.4539    -0.4495
  7         -0.3433    -0.4532    -0.4499
  8         -0.3650    -0.4563    -0.4539
  9         -0.3429    -0.4522    -0.4502
  10        -0.3614    -0.4554    -0.4533
  11        -0.3590    -0.4567    -0.4529
  12        -0.3357    -0.4542    -0.4505
  13        -0.3522    -0.4559    -0.4520
  14        -0.3391    -0.4526    -0.4524
  ------ ---------- ---------- ----------
  Mean      -0.3448    -0.4539    -0.4511
  Std        0.0113      0.0016      0.0014

--- Ensemble Results (size=5) ---
  Ensemble          Val       Test
  ---------- ---------- ----------
  0             -0.4516    -0.4490
  1             -0.4530    -0.4498
  2             -0.4540    -0.4512
  ---------- ---------- ----------
  Mean                     -0.4500

============================================================
Saved to: logs/results/tablora_california_20260907_023250.txt

Done: Mon Sep  7 02:32:50 AM +08 2026
Summary saved to: logs/results/
