========================================
TabLoRA Ensemble Job
Evaluation dir : exp/tabm-lora/california/scale050-evaluation
Ensemble size  : 5
Node           : TC2N01
GPU            : 0
Started        : Mon Sep  7 02:33:19 AM +08 2026
========================================

[1/2] Running bin/ensemble.py ...

{'function': 'bin.ensemble.main',
 'scores': {'train': -0.34517587444490005,
            'val': -0.4539307139594679,
            'test': -0.4521646846875909}}

====================================================================================================
[<<<] exp/tabm-lora/california/scale050-ensemble-5/0 | 2026-09-07 02:33:22.969153
====================================================================================================

{'function': 'bin.ensemble.main',
 'scores': {'train': -0.3463354631503181,
            'val': -0.45386352863276624,
            'test': -0.45173279874022}}

====================================================================================================
[<<<] exp/tabm-lora/california/scale050-ensemble-5/1 | 2026-09-07 02:33:22.991622
====================================================================================================

{'function': 'bin.ensemble.main',
 'scores': {'train': -0.3567025915254927,
            'val': -0.4563716791492382,
            'test': -0.45439232162243315}}

====================================================================================================
[<<<] exp/tabm-lora/california/scale050-ensemble-5/2 | 2026-09-07 02:33:23.031354
====================================================================================================

[2/2] Generating results summary ...
============================================================
TabLoRA Evaluation Summary
Generated : 2026-09-07 02:33:23
============================================================

--- Dataset ---
  Name         : california
  Path         : data/california

--- Model Configuration ---
  arch_type    : tabm-lora
  k            : 32
  rank         : 4
  n_blocks     : 3
  d_block      : 400
  dropout      : 0.2077
  n_parameters : 631712

--- Optimizer ---
  type         : AdamW
  lr           : 8.72e-04
  weight_decay : 3.78e-02

--- Per-Seed Results (15 seeds) ---
  Seed        Train        Val       Test
  ------ ---------- ---------- ----------
  0         -0.3500    -0.4548    -0.4537
  1         -0.3567    -0.4548    -0.4526
  2         -0.3398    -0.4532    -0.4532
  3         -0.3463    -0.4565    -0.4542
  4         -0.3378    -0.4545    -0.4515
  5         -0.3513    -0.4557    -0.4537
  6         -0.3570    -0.4560    -0.4520
  7         -0.3385    -0.4542    -0.4515
  8         -0.3490    -0.4544    -0.4547
  9         -0.3408    -0.4533    -0.4513
  10        -0.3480    -0.4552    -0.4530
  11        -0.3612    -0.4564    -0.4558
  12        -0.3604    -0.4591    -0.4561
  13        -0.3546    -0.4577    -0.4552
  14        -0.3638    -0.4578    -0.4563
  ------ ---------- ---------- ----------
  Mean      -0.3503    -0.4556    -0.4536
  Std        0.0083      0.0016      0.0016

--- Ensemble Results (size=5) ---
  Ensemble          Val       Test
  ---------- ---------- ----------
  0             -0.4539    -0.4522
  1             -0.4539    -0.4517
  2             -0.4564    -0.4544
  ---------- ---------- ----------
  Mean                     -0.4528

============================================================
Saved to: logs/results/tablora_california_20260907_023323.txt

Done: Mon Sep  7 02:33:23 AM +08 2026
Summary saved to: logs/results/
