========================================
TabLoRA Ensemble Job
Evaluation dir : exp/tabm-lora/california/0-evaluation
Ensemble size  : 5
Node           : TC2N01
GPU            : 0
Started        : Sat Sep  5 06:43:57 PM +08 2026
========================================

[1/2] Running bin/ensemble.py ...

{'function': 'bin.ensemble.main',
 'scores': {'train': -0.33747461099848775,
            'val': -0.4897018366980779,
            'test': -0.4883874091140652}}

====================================================================================================
[<<<] exp/tabm-lora/california/0-ensemble-5/0 | 2026-09-05 18:44:01.517351
====================================================================================================

{'function': 'bin.ensemble.main',
 'scores': {'train': -0.36236244831144715,
            'val': -0.49151301717546886,
            'test': -0.48944295399198706}}

====================================================================================================
[<<<] exp/tabm-lora/california/0-ensemble-5/1 | 2026-09-05 18:44:01.539523
====================================================================================================

{'function': 'bin.ensemble.main',
 'scores': {'train': -0.335137201314748,
            'val': -0.48994525423567076,
            'test': -0.4902792526312388}}

====================================================================================================
[<<<] exp/tabm-lora/california/0-ensemble-5/2 | 2026-09-05 18:44:01.562988
====================================================================================================

[2/2] Generating results summary ...
============================================================
TabLoRA Evaluation Summary
Generated : 2026-09-05 18:44:02
============================================================

--- Dataset ---
  Name         : california
  Path         : data/california

--- Model Configuration ---
  arch_type    : tabm-lora
  k            : 32
  rank         : 8
  n_blocks     : 3
  d_block      : 400
  dropout      : 0.2077
  n_parameters : 888480

--- Optimizer ---
  type         : AdamW
  lr           : 8.72e-04
  weight_decay : 3.78e-02

--- Per-Seed Results (15 seeds) ---
  Seed        Train        Val       Test
  ------ ---------- ---------- ----------
  0         -0.4071    -0.4970    -0.4983
  1         -0.3177    -0.4957    -0.4963
  2         -0.2771    -0.4986    -0.4966
  3         -0.4071    -0.4999    -0.5010
  4         -0.3366    -0.4997    -0.4942
  5         -0.3555    -0.4970    -0.4954
  6         -0.3634    -0.4939    -0.4927
  7         -0.3608    -0.4976    -0.4880
  8         -0.3639    -0.4984    -0.4986
  9         -0.3984    -0.4975    -0.4995
  10        -0.3398    -0.4956    -0.5002
  11        -0.3329    -0.4940    -0.4959
  12        -0.3803    -0.4951    -0.4949
  13        -0.3085    -0.4998    -0.4972
  14        -0.3521    -0.4974    -0.4963
  ------ ---------- ---------- ----------
  Mean      -0.3534    -0.4971    -0.4963
  Std        0.0354      0.0019      0.0031

--- Ensemble Results (size=5) ---
  Ensemble          Val       Test
  ---------- ---------- ----------
  0             -0.4897    -0.4884
  1             -0.4915    -0.4894
  2             -0.4899    -0.4903
  ---------- ---------- ----------
  Mean                     -0.4894

============================================================
Saved to: logs/results/tablora_california_20260905_184402.txt

Done: Sat Sep  5 06:44:02 PM +08 2026
Summary saved to: logs/results/
