========================================
TabLoRA Ensemble Job
Evaluation dir : exp/reproduce/train-once/california/0-evaluation
Ensemble size  : 5
Node           : TC2N01
GPU            : 0
Started        : Sun Sep  6 19:15:57 +08 2026
========================================

[1/2] Running bin/ensemble.py ...

{'function': 'bin.ensemble.main',
 'scores': {'train': -0.36540889140519883,
            'val': -0.45893398576461397,
            'test': -0.4575424270030685}}

====================================================================================================
[<<<] exp/reproduce/train-once/california/0-ensemble-5/0 | 2026-09-06 19:16:01.649922
====================================================================================================

{'function': 'bin.ensemble.main',
 'scores': {'train': -0.3531253409595025,
            'val': -0.458004998237081,
            'test': -0.4553580344215448}}

====================================================================================================
[<<<] exp/reproduce/train-once/california/0-ensemble-5/1 | 2026-09-06 19:16:01.672360
====================================================================================================

{'function': 'bin.ensemble.main',
 'scores': {'train': -0.3532553394269108,
            'val': -0.4565430013891198,
            'test': -0.45395590794501706}}

====================================================================================================
[<<<] exp/reproduce/train-once/california/0-ensemble-5/2 | 2026-09-06 19:16:01.695057
====================================================================================================

[2/2] Generating results summary ...
============================================================
TabLoRA Evaluation Summary
Generated : 2026-09-06 19:16:02
============================================================

--- Dataset ---
  Name         : california
  Path         : data/california

--- Model Configuration ---
  arch_type    : tabm-lora
  k            : 32
  rank         : 4
  n_blocks     : 3
  d_block      : 400
  dropout      : 0.2077
  n_parameters : 738208

--- Optimizer ---
  type         : AdamW
  lr           : 8.72e-04
  weight_decay : 3.78e-02

--- Per-Seed Results (15 seeds) ---
  Seed        Train        Val       Test
  ------ ---------- ---------- ----------
  0         -0.3837    -0.4670    -0.4613
  1         -0.3708    -0.4682    -0.4673
  2         -0.3833    -0.4619    -0.4647
  3         -0.3445    -0.4630    -0.4627
  4         -0.3799    -0.4670    -0.4649
  5         -0.3554    -0.4587    -0.4552
  6         -0.3476    -0.4721    -0.4624
  7         -0.3586    -0.4598    -0.4592
  8         -0.3705    -0.4664    -0.4661
  9         -0.3700    -0.4672    -0.4691
  10        -0.3362    -0.4665    -0.4617
  11        -0.3967    -0.4633    -0.4619
  12        -0.3216    -0.4648    -0.4649
  13        -0.3653    -0.4654    -0.4605
  14        -0.3918    -0.4618    -0.4619
  ------ ---------- ---------- ----------
  Mean      -0.3651    -0.4649    -0.4629
  Std        0.0205      0.0034      0.0033

--- Ensemble Results (size=5) ---
  Ensemble          Val       Test
  ---------- ---------- ----------
  0             -0.4589    -0.4575
  1             -0.4580    -0.4554
  2             -0.4565    -0.4540
  ---------- ---------- ----------
  Mean                     -0.4556

============================================================
Saved to: logs/results/tablora_california_20260906_191602.txt

Done: Sun Sep  6 19:16:02 +08 2026
Summary saved to: logs/results/
